{
    "\/command\/dispatch\/RunAnOperation": {
        "post": {
            "tags": [
                "command"
            ],
            "description": "Do not add `RunAnOperation` to the URI, always use `command\/dispatch`. This  is just for convenience and to be able to add all commands to the docs",
            "requestBody": {
                "content": {
                    "application\/json": {
                        "schema": {
                            "type": "object",
                            "required": [
                                "commandName",
                                "payload"
                            ],
                            "properties": {
                                "commandName": {
                                    "type": "string",
                                    "example": "App.Tests.Infrastructure.CQRS.Bus.RunAnOperation.RunAnOperation"
                                },
                                "payload": {
                                    "type": "object",
                                    "properties": {
                                        "value": {
                                            "type": "string"
                                        }
                                    },
                                    "required": [
                                        "value"
                                    ]
                                }
                            }
                        }
                    }
                }
            },
            "responses": {
                "200": {
                    "description": "200 response"
                }
            }
        }
    }
}
