{
    "commandName": "App\\Tests\\Infrastructure\\CQRS\\Bus\\RunAnOperation\\RunAnOperation",
    "payload": {
        "value": "string"
    }
}
